2026-09-10 09:35:58,247 - FastAPIApp - ERROR - خطأ أثناء معالجة الطلب: Expected 2D array, got scalar array instead:
array={'total_price': 150.0, 'total_freight': 20.0, 'total_items': 1, 'total_payment': 170.0, 'max_installments': 2, 'order_status': 'delivered', 'order_approved_at': '2017-09-03 08:43:00', 'order_delivered_carrier_date': '2017-09-03 21:16:00', 'customer_state': 'SP'}.
Reshape your data either using array.reshape(-1, 1) if your data has a single feature or array.reshape(1, -1) if it contains a single sample.
2026-09-10 09:37:14,780 - FastAPIApp - ERROR - خطأ أثناء معالجة الطلب: Expected 2D array, got scalar array instead:
array={'total_price': 150.0, 'total_freight': 20.0, 'total_items': 1, 'total_payment': 170.0, 'max_installments': 2, 'order_status': 'delivered', 'order_approved_at': '2017-09-03 08:43:00', 'order_delivered_carrier_date': '2017-09-03 21:16:00', 'customer_state': 'SP'}.
Reshape your data either using array.reshape(-1, 1) if your data has a single feature or array.reshape(1, -1) if it contains a single sample.
2026-09-10 09:39:20,677 - FastAPIApp - ERROR - خطأ أثناء معالجة الطلب: Expected 2D array, got scalar array instead:
array={'total_price': 150.0, 'total_freight': 20.0, 'total_items': 1, 'total_payment': 170.0, 'max_installments': 2, 'order_status': 'delivered', 'order_approved_at': '2017-09-03 08:43:00', 'order_delivered_carrier_date': '2017-09-03 21:16:00', 'customer_state': 'SP'}.
Reshape your data either using array.reshape(-1, 1) if your data has a single feature or array.reshape(1, -1) if it contains a single sample.
2026-09-10 09:44:58,441 - FastAPIApp - ERROR - خطأ أثناء معالجة الطلب: The feature names should match those that were passed during fit.
Feature names unseen at fit time:
- customer_state
- order_approved_at
- order_delivered_carrier_date
- order_status
Feature names seen at fit time, yet now missing:
- customer_state_AC
- customer_state_AL
- customer_state_AM
- customer_state_AP
- customer_state_BA
- ...
